foo/foo.rb:12: Unable to resolve constant `BardClass` https://srb.help/5002
    12 |    Project::Bar::BardClass
            ^^^^^^^^^^^^^^^^^^^^^^^
  Autocorrect: Use `-a` to autocorrect
    foo/foo.rb:12: Replace with `Project::Bar::BarClass`
    12 |    Project::Bar::BardClass
            ^^^^^^^^^^^^^^^^^^^^^^^
    foo/__package.rb:5: Did you mean: `Project::Bar::BarClass`?
     5 |  import Project::Bar
                 ^^^^^^^^^^^^
Errors: 1
